// Jest Snapshot v1, https://goo.gl/fbAQLP

exports[`Validatin for Home page rendering Home page should be rendered succesfully 1`] = `null`;
